// Jest Snapshot v1, https://goo.gl/fbAQLP

exports[`NewsFileCaptionTransformer should combine the adjacent MediaWikiFile, MediaWikiBreak and MediaWikiImage 1`] = `
"[[File:image|thumb|''caption'']]
"
`;

exports[`NewsFileCaptionTransformer should combine the adjacent MediaWikiFile, MediaWikiBreak and MediaWikiImage with surrounding content 1`] = `
"__TOC__

[[test|test]]
[[File:image|thumb|''caption'']]

You can also discuss this update on our
"
`;

exports[`NewsFileCaptionTransformer should not combine non-adjacent MediaWikiFile, MediaWikiBreak and MediaWikiText 1`] = `
"__TOC__

[[File:image]]
test

''testitalics''
''The Old School Team.''"
`;
