// Jest Snapshot v1, https://goo.gl/fbAQLP

exports[`italics node Italic text should parse and render 1`] = `"''test''"`;
