// Jest Snapshot v1, https://goo.gl/fbAQLP

exports[`link node Links should parse and render 1`] = `"[link test]"`;
