// Jest Snapshot v1, https://goo.gl/fbAQLP

exports[`p node Paragraph should parse and render 1`] = `
"'''test'''
"
`;
