// Jest Snapshot v1, https://goo.gl/fbAQLP

exports[`table node - issue example Grid Master news post table should render with row headers correctly 1`] = `
"{| class=\\"wikitable\\" style=\\"text-align: center;\\"
|-
! 
! EU
! UK
! US East
! US West
! Australia
|-
! F2P
| 456, 455
| 498, 499
| 417, 648
| 436, 437
| 537, 691
|-
! Members
| 335, 384, 397, 399, 451, 452, 453, 454, 677, 678
| 380, 382, 661, 662, 663, 664, 665, 666, 667, 623
| 629, 630, 631, 632, 633, 634, 635, 636, 637, 638, 618, 617, 616, 615, 614, 613, 612, 611, 610, 609, 575, 574, 490, 489, 488
| 418, 430, 431, 433, 435, 650, 651, 608, 607, 606, 605, 604, 603, 602, 601, 600, 599, 547, 546, 545, 544, 543, 542, 541, 538
| 591
|-
! Gemstone Crab
| 686
| 675
| 647
| 659
| 690
|-
! Yama
| 685
| 674
| 645
| 658
| 689
|-
! Hueycoatl
| 684
| 673
| 644
| 657
| 688
|-
! Ent Totems
| 683
| 672
| 643
| 656
| 687
|-
! Raids
| 682
| 671
| 642
| 655
| 595
|-
! Blast Furnace
| 681
| 670
| 641
| 654
| 594
|-
! Skilling Bosses
| 680
| 669
| 640
| 653
| 593
|-
! Forestry
| 679
| 668
| 639
| 652
| 592
|}
"
`;
